--------------------------------------------------------------------------------
Release 14.7 Trace  (nt64)
Copyright (c) 1995-2013 Xilinx, Inc.  All rights reserved.

C:\XiLinx\ISE\14.7\ISE_DS\ISE\bin\nt64\unwrapped\trce.exe -intstyle ise -v 3 -s
5 -n 3 -fastpaths -xml Control.twx Control.ncd -o Control.twr Control.pcf -ucf
chuzuchejijiaqi.ucf

Design file:              Control.ncd
Physical constraint file: Control.pcf
Device,package,speed:     xc3s50an,tqg144,-5 (PRODUCTION 1.42 2013-10-13)
Report level:             verbose report

Environment Variable      Effect 
--------------------      ------ 
NONE                      No environment variables were set
--------------------------------------------------------------------------------

INFO:Timing:2698 - No timing constraints found, doing default enumeration.
INFO:Timing:3412 - To improve timing, see the Timing Closure User Guide (UG612).
INFO:Timing:2752 - To get complete path coverage, use the unconstrained paths 
   option. All paths that are not constrained will be reported in the 
   unconstrained paths section(s) of the report.
INFO:Timing:3339 - The clock-to-out numbers in this timing report are based on 
   a 50 Ohm transmission line loading model.  For the details of this model, 
   and for more information on accounting for different loading conditions, 
   please see the device datasheet.
INFO:Timing:3390 - This architecture does not support a default System Jitter 
   value, please add SYSTEM_JITTER constraint to the UCF to modify the Clock 
   Uncertainty calculation.
INFO:Timing:3389 - This architecture does not support 'Discrete Jitter' and 
   'Phase Error' calculations, these terms will be zero in the Clock 
   Uncertainty calculation.  Please make appropriate modification to 
   SYSTEM_JITTER to account for the unsupported Discrete Jitter and Phase 
   Error.



Data Sheet report:
-----------------
All values displayed in nanoseconds (ns)

Setup/Hold to clock sys_clk
------------+------------+------------+------------------+--------+
            |Max Setup to|Max Hold to |                  | Clock  |
Source      | clk (edge) | clk (edge) |Internal Clock(s) | Phase  |
------------+------------+------------+------------------+--------+
dip_sw      |    1.070(R)|   -0.247(R)|sys_clk_BUFGP     |   0.000|
------------+------------+------------+------------------+--------+

Clock sys_clk to Pad
------------+------------+------------------+--------+
            | clk (edge) |                  | Clock  |
Destination |   to PAD   |Internal Clock(s) | Phase  |
------------+------------+------------------+--------+
LED_out     |    9.271(R)|sys_clk_BUFGP     |   0.000|
seg<0>      |   10.840(R)|sys_clk_BUFGP     |   0.000|
seg<1>      |   10.566(R)|sys_clk_BUFGP     |   0.000|
seg<2>      |   11.208(R)|sys_clk_BUFGP     |   0.000|
seg<3>      |   11.070(R)|sys_clk_BUFGP     |   0.000|
seg<4>      |   11.186(R)|sys_clk_BUFGP     |   0.000|
seg<5>      |   10.904(R)|sys_clk_BUFGP     |   0.000|
seg<6>      |   11.390(R)|sys_clk_BUFGP     |   0.000|
------------+------------+------------------+--------+

Clock to Setup on destination clock clk_test
---------------+---------+---------+---------+---------+
               | Src:Rise| Src:Fall| Src:Rise| Src:Fall|
Source Clock   |Dest:Rise|Dest:Rise|Dest:Fall|Dest:Fall|
---------------+---------+---------+---------+---------+
clk_test       |    4.399|         |         |         |
sys_clk        |    4.851|         |         |         |
---------------+---------+---------+---------+---------+

Clock to Setup on destination clock sys_clk
---------------+---------+---------+---------+---------+
               | Src:Rise| Src:Fall| Src:Rise| Src:Fall|
Source Clock   |Dest:Rise|Dest:Rise|Dest:Fall|Dest:Fall|
---------------+---------+---------+---------+---------+
clk_test       |    8.377|    0.989|         |         |
sys_clk        |    6.654|         |         |         |
---------------+---------+---------+---------+---------+


Analysis completed Thu Sep 17 10:40:26 2026 
--------------------------------------------------------------------------------

Trace Settings:
-------------------------
Trace Settings 

Peak Memory Usage: 4537 MB



