MO Control NULL Control.v vlg41/_control.bin 1789612807
MO clk_gen NULL clk_gen.v vlg6B/clk__gen.bin 1789463357
MO Three_KM_judge NULL Three_KM_judge.v vlg71/_three___k_m__judge.bin 1789612807
MO Control_tb NULL control_tb.v vlg2A/_control__tb.bin 1789521760
MO Cost NULL Cost.v vlg41/_cost.bin 1789612807
MO Speed_meter NULL Speed_meter.v vlg4D/_speed__meter.bin 1789612807
MO Speed_Slow_judge NULL Speed_Slow_judge.v vlg3F/_speed___slow__judge.bin 1789612807
MO Seg NULL Seg.v vlg7B/_seg.bin 1789612807
MO LED NULL LED.v vlg09/_l_e_d.bin 1789612807
